// Jest Snapshot v1, https://goo.gl/fbAQLP

exports[`EditListingPricingForm matches snapshot 1`] = `
<form
  action="/"
  className=""
  method="post"
  onSubmit={[Function]}
>
  <div
    className=""
  >
    <label
      htmlFor="retailPrice"
    >
      EditListingRetailPricingForm.retailPrice
    </label>
    <input
      className=""
      id="retailPrice"
      name="retailPrice"
      onBlur={[Function]}
      onChange={[Function]}
      onFocus={[Function]}
      placeholder="EditListingRetailPricingForm.priceInputPlaceholder"
      type="number"
      value=""
    />
  </div>
  <span>
    EditListingDamagePricingForm.damagePriceExplanation
  </span>
  <div
    className=""
  >
    <label
      htmlFor="damageCost"
    >
      EditListingDamagePricingForm.damagePrice
    </label>
    <input
      className=""
      id="damageCost"
      name="damageCost"
      onBlur={[Function]}
      onChange={[Function]}
      onFocus={[Function]}
      placeholder="EditListingDamagePricingForm.priceInputPlaceholder"
      type="number"
      value=""
    />
  </div>
  <div
    className=""
  >
    <label
      htmlFor="price"
    >
      EditListingPricingForm.pricePerUnit
    </label>
    <input
      autoFocus={true}
      className=""
      id="price"
      onBlur={[Function]}
      onChange={[Function]}
      onFocus={[Function]}
      placeholder="EditListingPricingForm.priceInputPlaceholder"
      type="text"
      value=""
    />
  </div>
  <button
    className=""
    disabled={true}
    type="submit"
  >
    Save price
  </button>
</form>
`;
