// Jest Snapshot v1, https://goo.gl/fbAQLP

exports[`SearchResultsPanel matches snapshot 1`] = `
<div
  className=""
>
  <div />
  <div
    style={
      Object {
        "height": "50px",
        "marginTop": "20px",
        "visibility": "hidden",
      }
    }
  >
    Lorem ipsum dolor sit amet, consectetur adipisicing elit. Quisquam unde placeat in non maxime accusantium. Consequatur repellat asperiores atque odit quod molestias, quaerat nisi obcaecati veniam aperiam nulla esse quis aliquid culpa officia saepe numquam nesciunt, possimus odio impedit suscipit ipsa praesentium. Iste porro exercitationem ipsum officiis temporibus
  </div>
  <div
    style={
      Object {
        "height": "50px",
        "marginTop": "20px",
        "visibility": "hidden",
      }
    }
  >
    Lorem ipsum dolor sit amet, consectetur adipisicing elit. Quisquam unde placeat in non maxime accusantium. Consequatur repellat asperiores atque odit quod molestias, quaerat nisi obcaecati veniam aperiam nulla esse quis aliquid culpa officia saepe numquam nesciunt, possimus odio impedit suscipit ipsa praesentium.
  </div>
</div>
`;
