// Jest Snapshot v1, https://goo.gl/fbAQLP

exports[`SectionHero matches snapshot 1`] = `
<div
  className=""
>
  <div>
    <a
      className=""
      href="/s?s?address=United+States&bounds=49.64,-66.43,23.88,-125.98"
      onClick={[Function]}
      style={Object {}}
      title={null}
    >
      <span>
        SectionHero.browseButton
      </span>
    </a>
  </div>
  <video
    autoPlay={true}
    disablePictureInPicture="true"
    loop={true}
    muted={true}
    playsInline={true}
  >
    <source
      src="heroVideo.mp4"
      type="video/mp4"
    />
  </video>
</div>
`;
